1/62                       
2/62 [setup]               
3/62                       
4/62 [libraries]           
5/62                       
6/62 [paths]               
7/62                       
8/62 [load-data]           
9/62                       
10/62 [bayes-correlations]  
11/62                       
12/62 [bf-heatmap]          
13/62                       
14/62 [bf-table]            
15/62                       
16/62 [bf-preference]       
17/62                       
18/62 [novel-priors]        
19/62                       
20/62 [fit-novel]           
